<p>Call Details for 0</p>
<table id="callDetails">
    <tr>
        <td>
            <img src="/images/profiler_rank0_call0.png" width="1200" height="900">
        </td>
    </tr>
    <tr>
        <td>Send counts:<br />
            <p>Rank(s) 0: 1 2 0<br />Rank(s) 1: 0 0 3<br />Rank(s) 2: 1 0 0</p>
        </td>
    </tr>
    <tr>
        <td>Recv counts:<br />
            <p>Rank(s) 0: 1 0 1<br />Rank(s) 1: 2 0 0<br />Rank(s) 2: 0 3 0</p>
        </td>
    </tr>
</table>