# Raw counters

Number of ranks: 2
Datatype size: 4
Alltoallv calls 0-2
Count: 2 calls - 0, 2


BEGINNING DATA
Rank(s) 0: 0 0 
Rank(s) 1: 1 1 
END DATA
# Raw counters

Number of ranks: 4
Datatype size: 4
Alltoallv calls 0-2
Count: 1 calls - 1


BEGINNING DATA
Rank(s) 0: 0 0 0 0 
Rank(s) 1: 1 1 1 1 
Rank(s) 2: 2 2 2 2 
Rank(s) 3: 3 3 3 3 
END DATA
