# Raw counters

Number of ranks: 3
Datatype size: 4
Alltoallv calls 0-1
Count: 2 calls - 0-1


BEGINNING DATA
Rank(s) 0: 1 2 0 
Rank(s) 1: 0 0 3 
Rank(s) 2: 1 0 0 
END DATA
