# Raw counters

Number of ranks: 2
Datatype size: 4
Alltoallv calls 0-1
Count: 2 calls - 0, 2


BEGINNING DATA
Rank(s) 0: 0 0 
Rank(s) 1: 1 1 
END DATA
