<h1>N to n patterns</h1>

<h2>Pattern #0 (<sup>2</sup>&frasl;<sub>2</sub> alltoallv calls)</h2>

<p>Alltoallv calls: 0-1</p>

<p>4 ranks sent to 4 other ranks</p>

<p>4 ranks recv&rsquo;d from 4 other ranks</p>
