<p>Call Details for 0</p>
<table id="callDetails">
    <tr>
        <td>
            <img src="/images/profiler_rank0_call0.png" width="1200" height="900">
        </td>
    </tr>
    <tr>
        <td>Send counts:<br />
            <p>Rank(s) 0-3: 1 1 1 1</p>
        </td>
    </tr>
    <tr>
        <td>Recv counts:<br />
            <p>Rank(s) 0-3: 1 1 1 1</p>
        </td>
    </tr>
</table>